%!Adobe-FontList 1.24
%Locale:0xc0a

%BeginFont
Handler:DirectoryHandler
FontType:Type1
FontName:HelveticaLTStd-Bold
FamilyName:Helvetica LT Std
StyleName:Bold
FullName:Helvetica LT Std Bold
MenuName:Helvetica LT Std
StyleBits:2
FamilyNameNative:Helvetica LT Std
StyleNameNative:Bold
FullNameNative:Helvetica LT Std Bold
WritingScript:Cyrillic
OutlineFileName:G:\Unidades compartidas\OCD Oficina\09_OCD_Portfolio\INDD\OCD_Portfolio Folder\Document fonts\HelveticaLTStdBold.otf
DataFormat:sfntData
UsesStandardEncoding:yes
isCFF:yes
hasSVG:no
hasCOLR:no
VariableFontType:NonVariableFont
FileLength:45340
FileModTime:1722615629
WeightClass:700
WidthClass:5
AngleClass:0
NameArray:0,Mac,4,Helvetica LT Std Bold
NameArray:0,Win,1,Helvetica LT Std
%EndFont

%BeginFont
Handler:DirectoryHandler
FontType:Type1
FontName:HelveticaLTStd-Roman
FamilyName:Helvetica LT Std
StyleName:Roman
FullName:Helvetica LT Std Roman
MenuName:Helvetica LT Std
StyleBits:0
FamilyNameNative:Helvetica LT Std
StyleNameNative:Roman
FullNameNative:Helvetica LT Std Roman
WritingScript:Cyrillic
OutlineFileName:G:\Unidades compartidas\OCD Oficina\09_OCD_Portfolio\INDD\OCD_Portfolio Folder\Document fonts\HelveticaLTStdRoman.otf
DataFormat:sfntData
UsesStandardEncoding:yes
isCFF:yes
hasSVG:no
hasCOLR:no
VariableFontType:NonVariableFont
FileLength:45168
FileModTime:1722615629
WeightClass:400
WidthClass:5
AngleClass:0
NameArray:0,Mac,18,Helvetica LT Std
NameArray:0,Mac,4,Helvetica LT Std Roman
NameArray:0,Win,1,Helvetica LT Std
%EndFont

